// Jest Snapshot v1, https://goo.gl/fbAQLP

exports[`LoginComponent should match snapshot 1`] = `
<app-login
  store={[Function Store]}
  users$={[Function Store]}
>
  <section
    class="container"
  >
    <h1
      class="page-title"
    >
      Choose player:
    </h1>
    <ul
      class="list"
    >
      
    </ul>
  </section>
</app-login>
`;
