// Jest Snapshot v1, https://goo.gl/fbAQLP

exports[`GamesComponent should match snapshot 1`] = `
<app-games
  games$={[Function Store]}
  store={[Function Store]}
  user$={[Function Store]}
>
  <section
    class="container"
  >
    <h1
      class="page-title"
    >
      Choose game:
    </h1>
    <ul
      class="list"
    >
      
      <li
        class="item"
      >
         Please login if you want to play a game. 
      </li>
      
    </ul>
  </section>
</app-games>
`;
